// Jest Snapshot v1, https://goo.gl/fbAQLP

exports[`matches snapshot 1`] = `
<div
  className="loaderWrapperDefaultStyle  "
>
  <div
    className="css-0"
  >
    <div
      className="css-110do72"
    />
    <div
      className="css-1by9rry"
    />
    <div
      className="css-110do72"
    />
  </div>
  <p
    className="loaderTextDefaultStyle "
  >
    
  </p>
</div>
`;
